$ bun node_modules/vite/bin/vite.js build
vite v8.2.2 building client environment for production...
transforming...
✓ 291 modules transformed.
rendering chunks...
computing gzip size...
dist/client/assets/index-CpWc2OJ7.css                    20.99 kB │ gzip:   5.04 kB
dist/client/assets/app-BFHncEDK.css                      34.05 kB │ gzip:   8.20 kB
dist/client/assets/routes-E65lvwD2.js                     0.07 kB │ gzip:   0.08 kB
dist/client/assets/___spike.device-_a_2Xd-0.js            0.18 kB │ gzip:   0.17 kB
dist/client/assets/___probe.capabilities-CxsPYx5e.js      0.54 kB │ gzip:   0.35 kB
dist/client/assets/index-Dv5rqYTw.js                  1,809.82 kB │ gzip: 555.56 kB

✓ built in 2.21s
[plugin builtin:vite-reporter]
(!) Some chunks are larger than 500 kB after minification. Consider:
- Using dynamic import() to code-split the application
- Use build.rolldownOptions.output.codeSplitting to improve chunking: https://rolldown.rs/reference/OutputOptions.codeSplitting
- Adjust chunk size limit for this warning via build.chunkSizeWarningLimit.
vite v8.2.2 building ssr environment for production...
transforming...
✓ 554 modules transformed.
rendering chunks...
computing gzip size...
dist/server/assets/start-XEGAwR_q.js                         0.21 kB │ gzip:   0.17 kB
dist/server/assets/routes-DWJRuIMi.js                        0.27 kB │ gzip:   0.20 kB
dist/server/assets/empty-plugin-adapters-63t6GYbj.js         0.28 kB │ gzip:   0.18 kB
dist/server/assets/___spike.device-B5cycJYy.js               0.45 kB │ gzip:   0.31 kB
dist/server/assets/___probe.capabilities-nUTLuak0.js         0.81 kB │ gzip:   0.45 kB
dist/server/assets/_tanstack-start-manifest_v-CXFd2m9R.js    1.09 kB │ gzip:   0.45 kB
dist/server/assets/router-BOuZYN4N.js                      256.85 kB │ gzip:  62.57 kB
dist/server/assets/src-Ck7zfd-M.js                         400.59 kB │ gzip: 112.33 kB
dist/server/server.js                                      688.16 kB │ gzip: 159.71 kB

✓ built in 2.26s
