$ bun node_modules/vite/bin/vite.js build
vite v8.2.2 building client environment for production...
transforming...
✓ 299 modules transformed.
rendering chunks...
computing gzip size...
dist/client/assets/index-CpWc2OJ7.css                    20.99 kB │ gzip:   5.04 kB
dist/client/assets/app-BWOTVn3m.css                      36.02 kB │ gzip:   8.53 kB
dist/client/assets/routes-DEHzY7Zq.js                     0.07 kB │ gzip:   0.08 kB
dist/client/assets/___spike.device-DllZxW99.js            0.18 kB │ gzip:   0.17 kB
dist/client/assets/___probe.capabilities-DDkfQXTY.js      0.54 kB │ gzip:   0.35 kB
dist/client/assets/index-Cphl_Id5.js                  1,847.15 kB │ gzip: 567.27 kB

✓ built in 360ms
[plugin builtin:vite-reporter]
(!) Some chunks are larger than 500 kB after minification. Consider:
- Using dynamic import() to code-split the application
- Use build.rolldownOptions.output.codeSplitting to improve chunking: https://rolldown.rs/reference/OutputOptions.codeSplitting
- Adjust chunk size limit for this warning via build.chunkSizeWarningLimit.
vite v8.2.2 building ssr environment for production...
transforming...
✓ 562 modules transformed.
rendering chunks...
computing gzip size...
dist/server/assets/start-XEGAwR_q.js                         0.21 kB │ gzip:   0.17 kB
dist/server/assets/routes-rxWcjUdC.js                        0.27 kB │ gzip:   0.20 kB
dist/server/assets/empty-plugin-adapters-63t6GYbj.js         0.28 kB │ gzip:   0.18 kB
dist/server/assets/___spike.device-DMy5DXeX.js               0.45 kB │ gzip:   0.31 kB
dist/server/assets/___probe.capabilities-DATTeQxm.js         0.81 kB │ gzip:   0.45 kB
dist/server/assets/_tanstack-start-manifest_v-s2wKJYEl.js    1.09 kB │ gzip:   0.45 kB
dist/server/assets/router-vtGTfK5w.js                      301.37 kB │ gzip:  72.51 kB
dist/server/assets/src-vuUCxiUn.js                         424.64 kB │ gzip: 118.84 kB
dist/server/server.js                                      690.05 kB │ gzip: 160.21 kB

✓ built in 174ms
