$ bun node_modules/vite/bin/vite.js build
vite v8.2.2 building client environment for production...
transforming...
✓ 297 modules transformed.
rendering chunks...
computing gzip size...
dist/client/assets/index-CpWc2OJ7.css                    20.99 kB │ gzip:   5.04 kB
dist/client/assets/app-CqUaro88.css                      34.95 kB │ gzip:   8.34 kB
dist/client/assets/routes-DNX97LS4.js                     0.07 kB │ gzip:   0.08 kB
dist/client/assets/___spike.device-BuhpQ_mE.js            0.18 kB │ gzip:   0.17 kB
dist/client/assets/___probe.capabilities-kgZ5d7BP.js      0.54 kB │ gzip:   0.35 kB
dist/client/assets/index-D9d36BS3.js                  1,836.22 kB │ gzip: 563.76 kB

✓ built in 344ms
[plugin builtin:vite-reporter]
(!) Some chunks are larger than 500 kB after minification. Consider:
- Using dynamic import() to code-split the application
- Use build.rolldownOptions.output.codeSplitting to improve chunking: https://rolldown.rs/reference/OutputOptions.codeSplitting
- Adjust chunk size limit for this warning via build.chunkSizeWarningLimit.
vite v8.2.2 building ssr environment for production...
transforming...
✓ 560 modules transformed.
rendering chunks...
computing gzip size...
dist/server/assets/start-XEGAwR_q.js                         0.21 kB │ gzip:   0.17 kB
dist/server/assets/routes-BjUmgsg9.js                        0.27 kB │ gzip:   0.20 kB
dist/server/assets/empty-plugin-adapters-63t6GYbj.js         0.28 kB │ gzip:   0.18 kB
dist/server/assets/___spike.device-B24jDsvy.js               0.45 kB │ gzip:   0.31 kB
dist/server/assets/___probe.capabilities-BgVayf2D.js         0.81 kB │ gzip:   0.45 kB
dist/server/assets/_tanstack-start-manifest_v-BG2RJzpA.js    1.09 kB │ gzip:   0.45 kB
dist/server/assets/router-BDqK34tZ.js                      294.14 kB │ gzip:  70.79 kB
dist/server/assets/src-D-Ry-PWc.js                         412.43 kB │ gzip: 115.39 kB
dist/server/server.js                                      690.05 kB │ gzip: 160.22 kB

✓ built in 198ms
