bun test v1.4.0 (34cbb9a40)

packages/device/src/sticker-texture-cache.test.ts:
(pass) shared sticker artwork recovery and ownership > first failure recovers for both live subscribers with exactly one explicit retry [0.22ms]
(pass) shared sticker artwork recovery and ownership > repeated failures never schedule automatic requests and retry touches failed entries only [0.03ms]
(pass) shared sticker artwork recovery and ownership > late completion after final unmount disposes resources without resurrecting state [0.02ms]
(pass) shared sticker artwork recovery and ownership > superseded request completion cannot replace or dispose successful retry resources [0.03ms]

packages/device/src/sticker-paper.test.ts:
(pass) curled thin stock has finite smooth normals and separated front/back surfaces at every vertex [26.38ms]
(pass) stock curl leaves sheet UVs unchanged and only bends the unprinted corner in XY [7.92ms]
(pass) unpeeled adhesive tail stays on the bowed printed seat throughout partial peeling [3.85ms]
(pass) inserted and partially emerging liner cannot curl through the sleeve face [432.90ms]

packages/device/src/sticker-surface.test.ts:
(pass) production sticker surface > all 60 manifest silhouettes preserve their UV crop and conform to the actual rear cap [16.31ms]
(pass) production sticker surface > rear-view right placement moves toward model -X and invalid off-body points fail [4.30ms]
(pass) production sticker surface > peel is actual continuous curvature, stable print UVs, with a fixed contact region [0.52ms]
(pass) production sticker surface > microtexture is deterministic and has nonzero green roughness data [1.35ms]

packages/device/src/sticker-sleeve.test.ts:
(pass) pocket exterior coating never includes interior cap or cut rim at responsive scales [6.73ms]

 13 pass
 0 fail
 154461 expect() calls
Ran 13 tests across 4 files. [532.00ms]
